/tmp/1789030871939168720_132396844308288/choreo.h:221: choreo assertion failed: The 2nd index ` (q - 1) ` of element access 'os' should be greater than or equal to 0, /home/garfee/croq-paper-plan/svn/svn-artifacts/benchmark2/choreo/mutants/M1/transpose/M1.s3.tp1.write__1_bert_32x512x768_32x768x512.co:13.18
/tmp/1789030871939168720_132396844308288/choreo.h:221: choreo assertion failed: The 2nd index ` (q - 1) ` of element access 'os' should be greater than or equal to 0, /home/garfee/croq-paper-plan/svn/svn-artifacts/benchmark2/choreo/mutants/M1/transpose/M1.s3.tp1.write__1_bert_32x512x768_32x768x512.co:13.18
/tmp/1789030871939168720_132396844308288/choreo.h:221: choreo assertion failed: The 2nd index ` (q - 1) ` of element access 'os' should be greater than or equal to 0, /home/garfee/croq-paper-plan/svn/svn-artifacts/benchmark2/choreo/mutants/M1/transpose/M1.s3.tp1.write__1_bert_32x512x768_32x768x512.co:13.18
/tmp/1789030871939168720_132396844308288/choreo.h:221: choreo assertion failed: The 2nd index ` (q - 1) ` of element access 'os' should be greater than or equal to 0, /home/garfee/croq-paper-plan/svn/svn-artifacts/benchmark2/choreo/mutants/M1/transpose/M1.s3.tp1.write__1_bert_32x512x768_32x768x512.co:13.18
/tmp/1789030871939168720_132396844308288/choreo.h:221: choreo assertion failed: The 2nd index ` (q - 1) ` of element access 'os' should be greater than or equal to 0, /home/garfee/croq-paper-plan/svn/svn-artifacts/benchmark2/choreo/mutants/M1/transpose/M1.s3.tp1.write__1_bert_32x512x768_32x768x512.co:13.18
/tmp/1789030871939168720_132396844308288/choreo.h:221: choreo assertion failed: The 2nd index ` (q - 1) ` of element access 'os' should be greater than or equal to 0, /home/garfee/croq-paper-plan/svn/svn-artifacts/benchmark2/choreo/mutants/M1/transpose/M1.s3.tp1.write__1_bert_32x512x768_32x768x512.co:13.18
/tmp/1789030871939168720_132396844308288/choreo.h:221: choreo assertion failed: The 2nd index ` (q - 1) ` of element access 'os' should be greater than or equal to 0, /home/garfee/croq-paper-plan/svn/svn-artifacts/benchmark2/choreo/mutants/M1/transpose/M1.s3.tp1.write__1_bert_32x512x768_32x768x512.co:13.18
/tmp/1789030871939168720_132396844308288/choreo.h:221: choreo assertion failed: The 2nd index ` (q - 1) ` of element access 'os' should be greater than or equal to 0, /home/garfee/croq-paper-plan/svn/svn-artifacts/benchmark2/choreo/mutants/M1/transpose/M1.s3.tp1.write__1_bert_32x512x768_32x768x512.co:13.18
/tmp/1789030871939168720_132396844308288/choreo.h:221: choreo assertion failed: The 2nd index ` (q - 1) ` of element access 'os' should be greater than or equal to 0, /home/garfee/croq-paper-plan/svn/svn-artifacts/benchmark2/choreo/mutants/M1/transpose/M1.s3.tp1.write__1_bert_32x512x768_32x768x512.co:13.18
/tmp/1789030871939168720_132396844308288/choreo.h:221: choreo assertion failed: The 2nd index ` (q - 1) ` of element access 'os' should be greater than or equal to 0, /home/garfee/croq-paper-plan/svn/svn-artifacts/benchmark2/choreo/mutants/M1/transpose/M1.s3.tp1.write__1_bert_32x512x768_32x768x512.co:13.18
/tmp/1789030871939168720_132396844308288/choreo.h:221: choreo assertion failed: The 2nd index ` (q - 1) ` of element access 'os' should be greater than or equal to 0, /home/garfee/croq-paper-plan/svn/svn-artifacts/benchmark2/choreo/mutants/M1/transpose/M1.s3.tp1.write__1_bert_32x512x768_32x768x512.co:13.18
/tmp/1789030871939168720_132396844308288/choreo.h:221: choreo assertion failed: The 2nd index ` (q - 1) ` of element access 'os' should be greater than or equal to 0, /home/garfee/croq-paper-plan/svn/svn-artifacts/benchmark2/choreo/mutants/M1/transpose/M1.s3.tp1.write__1_bert_32x512x768_32x768x512.co:13.18
/tmp/1789030871939168720_132396844308288/choreo.h:221: choreo assertion failed: The 2nd index ` (q - 1) ` of element access 'os' should be greater than or equal to 0, /home/garfee/croq-paper-plan/svn/svn-artifacts/benchmark2/choreo/mutants/M1/transpose/M1.s3.tp1.write__1_bert_32x512x768_32x768x512.co:13.18
/tmp/1789030871939168720_132396844308288/choreo.h:221: choreo assertion failed: The 2nd index ` (q - 1) ` of element access 'os' should be greater than or equal to 0, /home/garfee/croq-paper-plan/svn/svn-artifacts/benchmark2/choreo/mutants/M1/transpose/M1.s3.tp1.write__1_bert_32x512x768_32x768x512.co:13.18
/tmp/1789030871939168720_132396844308288/choreo.h:221: choreo assertion failed: The 2nd index ` (q - 1) ` of element access 'os' should be greater than or equal to 0, /home/garfee/croq-paper-plan/svn/svn-artifacts/benchmark2/choreo/mutants/M1/transpose/M1.s3.tp1.write__1_bert_32x512x768_32x768x512.co:13.18
/tmp/1789030871939168720_132396844308288/choreo.h:221: choreo assertion failed: The 2nd index ` (q - 1) ` of element access 'os' should be greater than or equal to 0, /home/garfee/croq-paper-plan/svn/svn-artifacts/benchmark2/choreo/mutants/M1/transpose/M1.s3.tp1.write__1_bert_32x512x768_32x768x512.co:13.18
/tmp/1789030871939168720_132396844308288/choreo.h:221: choreo assertion failed: The 2nd index ` (q - 1) ` of element access 'os' should be greater than or equal to 0, /home/garfee/croq-paper-plan/svn/svn-artifacts/benchmark2/choreo/mutants/M1/transpose/M1.s3.tp1.write__1_bert_32x512x768_32x768x512.co:13.18
/tmp/1789030871939168720_132396844308288/choreo.h:221: choreo assertion failed: The 2nd index ` (q - 1) ` of element access 'os' should be greater than or equal to 0, /home/garfee/croq-paper-plan/svn/svn-artifacts/benchmark2/choreo/mutants/M1/transpose/M1.s3.tp1.write__1_bert_32x512x768_32x768x512.co:13.18
/tmp/1789030871939168720_132396844308288/choreo.h:221: choreo assertion failed: The 2nd index ` (q - 1) ` of element access 'os' should be greater than or equal to 0, /home/garfee/croq-paper-plan/svn/svn-artifacts/benchmark2/choreo/mutants/M1/transpose/M1.s3.tp1.write__1_bert_32x512x768_32x768x512.co:13.18
/tmp/1789030871939168720_132396844308288/choreo.h:221: choreo assertion failed: The 2nd index ` (q - 1) ` of element access 'os' should be greater than or equal to 0, /home/garfee/croq-paper-plan/svn/svn-artifacts/benchmark2/choreo/mutants/M1/transpose/M1.s3.tp1.write__1_bert_32x512x768_32x768x512.co:13.18
/tmp/1789030871939168720_132396844308288/choreo.h:221: choreo assertion failed: The 2nd index ` (q - 1) ` of element access 'os' should be greater than or equal to 0, /home/garfee/croq-paper-plan/svn/svn-artifacts/benchmark2/choreo/mutants/M1/transpose/M1.s3.tp1.write__1_bert_32x512x768_32x768x512.co:13.18
/tmp/1789030871939168720_132396844308288/choreo.h:221: choreo assertion failed: The 2nd index ` (q - 1) ` of element access 'os' should be greater than or equal to 0, /home/garfee/croq-paper-plan/svn/svn-artifacts/benchmark2/choreo/mutants/M1/transpose/M1.s3.tp1.write__1_bert_32x512x768_32x768x512.co:13.18
/tmp/1789030871939168720_132396844308288/choreo.h:221: choreo assertion failed: The 2nd index ` (q - 1) ` of element access 'os' should be greater than or equal to 0, /home/garfee/croq-paper-plan/svn/svn-artifacts/benchmark2/choreo/mutants/M1/transpose/M1.s3.tp1.write__1_bert_32x512x768_32x768x512.co:13.18
/tmp/1789030871939168720_132396844308288/choreo.h:221: choreo assertion failed: The 2nd index ` (q - 1) ` of element access 'os' should be greater than or equal to 0, /home/garfee/croq-paper-plan/svn/svn-artifacts/benchmark2/choreo/mutants/M1/transpose/M1.s3.tp1.write__1_bert_32x512x768_32x768x512.co:13.18
/tmp/1789030871939168720_132396844308288/choreo.h:221: choreo assertion failed: The 2nd index ` (q - 1) ` of element access 'os' should be greater than or equal to 0, /home/garfee/croq-paper-plan/svn/svn-artifacts/benchmark2/choreo/mutants/M1/transpose/M1.s3.tp1.write__1_bert_32x512x768_32x768x512.co:13.18
/tmp/1789030871939168720_132396844308288/choreo.h:221: choreo assertion failed: The 2nd index ` (q - 1) ` of element access 'os' should be greater than or equal to 0, /home/garfee/croq-paper-plan/svn/svn-artifacts/benchmark2/choreo/mutants/M1/transpose/M1.s3.tp1.write__1_bert_32x512x768_32x768x512.co:13.18
/tmp/1789030871939168720_132396844308288/choreo.h:221: choreo assertion failed: The 2nd index ` (q - 1) ` of element access 'os' should be greater than or equal to 0, /home/garfee/croq-paper-plan/svn/svn-artifacts/benchmark2/choreo/mutants/M1/transpose/M1.s3.tp1.write__1_bert_32x512x768_32x768x512.co:13.18
/tmp/1789030871939168720_132396844308288/choreo.h:221: choreo assertion failed: The 2nd index ` (q - 1) ` of element access 'os' should be greater than or equal to 0, /home/garfee/croq-paper-plan/svn/svn-artifacts/benchmark2/choreo/mutants/M1/transpose/M1.s3.tp1.write__1_bert_32x512x768_32x768x512.co:13.18
/tmp/1789030871939168720_132396844308288/choreo.h:221: choreo assertion failed: The 2nd index ` (q - 1) ` of element access 'os' should be greater than or equal to 0, /home/garfee/croq-paper-plan/svn/svn-artifacts/benchmark2/choreo/mutants/M1/transpose/M1.s3.tp1.write__1_bert_32x512x768_32x768x512.co:13.18
/tmp/1789030871939168720_132396844308288/choreo.h:221: choreo assertion failed: The 2nd index ` (q - 1) ` of element access 'os' should be greater than or equal to 0, /home/garfee/croq-paper-plan/svn/svn-artifacts/benchmark2/choreo/mutants/M1/transpose/M1.s3.tp1.write__1_bert_32x512x768_32x768x512.co:13.18
/tmp/1789030871939168720_132396844308288/choreo.h:221: choreo assertion failed: The 2nd index ` (q - 1) ` of element access 'os' should be greater than or equal to 0, /home/garfee/croq-paper-plan/svn/svn-artifacts/benchmark2/choreo/mutants/M1/transpose/M1.s3.tp1.write__1_bert_32x512x768_32x768x512.co:13.18
/tmp/1789030871939168720_132396844308288/choreo.h:221: choreo assertion failed: The 2nd index ` (q - 1) ` of element access 'os' should be greater than or equal to 0, /home/garfee/croq-paper-plan/svn/svn-artifacts/benchmark2/choreo/mutants/M1/transpose/M1.s3.tp1.write__1_bert_32x512x768_32x768x512.co:13.18
/tmp/1789030871939168720_132396844308288/choreo.h:221: choreo assertion failed: error
/tmp/1789030871939168720_132396844308288/choreo_cute.h(679): warning #177-D: variable "tma_atom" was declared but never referenced
        auto* tma_atom = ((TMAAtom*)atom);
              ^

Remark: The warnings can be suppressed with "-diag-suppress <warning-number>"

/tmp/1789030871939168720_132396844308288/choreo.h(230): warning #20011-D: calling a __host__ function("__builtin_trap") from a __host__ __device__ function("choreo::choreo_assert") is not allowed

[0,0,0]:
	expect: 0.572244
	actual: 0
/home/garfee/croq-paper-plan/svn/svn-artifacts/benchmark2/choreo/raw/e1_logs_lower_bound_fix/M1.s3.tp1.write/det.sh: line 8192: 3184705 Aborted                 (core dumped) /tmp/1789030871939168720_132396844308288/__choreo_cute_M1.s3.tp1.write__1_bert_32x512x768_32x768x512.exe
