/tmp/1789030913621290720_127363103356736/choreo.h:221: choreo assertion failed: The 2nd index ` (q - 1) ` of element access 'os' should be greater than or equal to 0, /home/garfee/croq-paper-plan/svn/svn-artifacts/benchmark2/choreo/mutants/M1/transpose/M1.s3.tp11.write__11_dynamic_32xSx768_32x768xS.co:17.18
/tmp/1789030913621290720_127363103356736/choreo.h:221: choreo assertion failed: The 2nd index ` (q - 1) ` of element access 'os' should be greater than or equal to 0, /home/garfee/croq-paper-plan/svn/svn-artifacts/benchmark2/choreo/mutants/M1/transpose/M1.s3.tp11.write__11_dynamic_32xSx768_32x768xS.co:17.18
/tmp/1789030913621290720_127363103356736/choreo.h:221: choreo assertion failed: The 2nd index ` (q - 1) ` of element access 'os' should be greater than or equal to 0, /home/garfee/croq-paper-plan/svn/svn-artifacts/benchmark2/choreo/mutants/M1/transpose/M1.s3.tp11.write__11_dynamic_32xSx768_32x768xS.co:17.18
/tmp/1789030913621290720_127363103356736/choreo.h:221: choreo assertion failed: The 2nd index ` (q - 1) ` of element access 'os' should be greater than or equal to 0, /home/garfee/croq-paper-plan/svn/svn-artifacts/benchmark2/choreo/mutants/M1/transpose/M1.s3.tp11.write__11_dynamic_32xSx768_32x768xS.co:17.18
/tmp/1789030913621290720_127363103356736/choreo.h:221: choreo assertion failed: The 2nd index ` (q - 1) ` of element access 'os' should be greater than or equal to 0, /home/garfee/croq-paper-plan/svn/svn-artifacts/benchmark2/choreo/mutants/M1/transpose/M1.s3.tp11.write__11_dynamic_32xSx768_32x768xS.co:17.18
/tmp/1789030913621290720_127363103356736/choreo.h:221: choreo assertion failed: The 2nd index ` (q - 1) ` of element access 'os' should be greater than or equal to 0, /home/garfee/croq-paper-plan/svn/svn-artifacts/benchmark2/choreo/mutants/M1/transpose/M1.s3.tp11.write__11_dynamic_32xSx768_32x768xS.co:17.18
/tmp/1789030913621290720_127363103356736/choreo.h:221: choreo assertion failed: The 2nd index ` (q - 1) ` of element access 'os' should be greater than or equal to 0, /home/garfee/croq-paper-plan/svn/svn-artifacts/benchmark2/choreo/mutants/M1/transpose/M1.s3.tp11.write__11_dynamic_32xSx768_32x768xS.co:17.18
/tmp/1789030913621290720_127363103356736/choreo.h:221: choreo assertion failed: The 2nd index ` (q - 1) ` of element access 'os' should be greater than or equal to 0, /home/garfee/croq-paper-plan/svn/svn-artifacts/benchmark2/choreo/mutants/M1/transpose/M1.s3.tp11.write__11_dynamic_32xSx768_32x768xS.co:17.18
/tmp/1789030913621290720_127363103356736/choreo.h:221: choreo assertion failed: The 2nd index ` (q - 1) ` of element access 'os' should be greater than or equal to 0, /home/garfee/croq-paper-plan/svn/svn-artifacts/benchmark2/choreo/mutants/M1/transpose/M1.s3.tp11.write__11_dynamic_32xSx768_32x768xS.co:17.18
/tmp/1789030913621290720_127363103356736/choreo.h:221: choreo assertion failed: The 2nd index ` (q - 1) ` of element access 'os' should be greater than or equal to 0, /home/garfee/croq-paper-plan/svn/svn-artifacts/benchmark2/choreo/mutants/M1/transpose/M1.s3.tp11.write__11_dynamic_32xSx768_32x768xS.co:17.18
/tmp/1789030913621290720_127363103356736/choreo.h:221: choreo assertion failed: The 2nd index ` (q - 1) ` of element access 'os' should be greater than or equal to 0, /home/garfee/croq-paper-plan/svn/svn-artifacts/benchmark2/choreo/mutants/M1/transpose/M1.s3.tp11.write__11_dynamic_32xSx768_32x768xS.co:17.18
/tmp/1789030913621290720_127363103356736/choreo.h:221: choreo assertion failed: The 2nd index ` (q - 1) ` of element access 'os' should be greater than or equal to 0, /home/garfee/croq-paper-plan/svn/svn-artifacts/benchmark2/choreo/mutants/M1/transpose/M1.s3.tp11.write__11_dynamic_32xSx768_32x768xS.co:17.18
/tmp/1789030913621290720_127363103356736/choreo.h:221: choreo assertion failed: The 2nd index ` (q - 1) ` of element access 'os' should be greater than or equal to 0, /home/garfee/croq-paper-plan/svn/svn-artifacts/benchmark2/choreo/mutants/M1/transpose/M1.s3.tp11.write__11_dynamic_32xSx768_32x768xS.co:17.18
/tmp/1789030913621290720_127363103356736/choreo.h:221: choreo assertion failed: The 2nd index ` (q - 1) ` of element access 'os' should be greater than or equal to 0, /home/garfee/croq-paper-plan/svn/svn-artifacts/benchmark2/choreo/mutants/M1/transpose/M1.s3.tp11.write__11_dynamic_32xSx768_32x768xS.co:17.18
/tmp/1789030913621290720_127363103356736/choreo.h:221: choreo assertion failed: The 2nd index ` (q - 1) ` of element access 'os' should be greater than or equal to 0, /home/garfee/croq-paper-plan/svn/svn-artifacts/benchmark2/choreo/mutants/M1/transpose/M1.s3.tp11.write__11_dynamic_32xSx768_32x768xS.co:17.18
/tmp/1789030913621290720_127363103356736/choreo.h:221: choreo assertion failed: The 2nd index ` (q - 1) ` of element access 'os' should be greater than or equal to 0, /home/garfee/croq-paper-plan/svn/svn-artifacts/benchmark2/choreo/mutants/M1/transpose/M1.s3.tp11.write__11_dynamic_32xSx768_32x768xS.co:17.18
/tmp/1789030913621290720_127363103356736/choreo.h:221: choreo assertion failed: The 2nd index ` (q - 1) ` of element access 'os' should be greater than or equal to 0, /home/garfee/croq-paper-plan/svn/svn-artifacts/benchmark2/choreo/mutants/M1/transpose/M1.s3.tp11.write__11_dynamic_32xSx768_32x768xS.co:17.18
/tmp/1789030913621290720_127363103356736/choreo.h:221: choreo assertion failed: The 2nd index ` (q - 1) ` of element access 'os' should be greater than or equal to 0, /home/garfee/croq-paper-plan/svn/svn-artifacts/benchmark2/choreo/mutants/M1/transpose/M1.s3.tp11.write__11_dynamic_32xSx768_32x768xS.co:17.18
/tmp/1789030913621290720_127363103356736/choreo.h:221: choreo assertion failed: The 2nd index ` (q - 1) ` of element access 'os' should be greater than or equal to 0, /home/garfee/croq-paper-plan/svn/svn-artifacts/benchmark2/choreo/mutants/M1/transpose/M1.s3.tp11.write__11_dynamic_32xSx768_32x768xS.co:17.18
/tmp/1789030913621290720_127363103356736/choreo.h:221: choreo assertion failed: The 2nd index ` (q - 1) ` of element access 'os' should be greater than or equal to 0, /home/garfee/croq-paper-plan/svn/svn-artifacts/benchmark2/choreo/mutants/M1/transpose/M1.s3.tp11.write__11_dynamic_32xSx768_32x768xS.co:17.18
/tmp/1789030913621290720_127363103356736/choreo.h:221: choreo assertion failed: The 2nd index ` (q - 1) ` of element access 'os' should be greater than or equal to 0, /home/garfee/croq-paper-plan/svn/svn-artifacts/benchmark2/choreo/mutants/M1/transpose/M1.s3.tp11.write__11_dynamic_32xSx768_32x768xS.co:17.18
/tmp/1789030913621290720_127363103356736/choreo.h:221: choreo assertion failed: The 2nd index ` (q - 1) ` of element access 'os' should be greater than or equal to 0, /home/garfee/croq-paper-plan/svn/svn-artifacts/benchmark2/choreo/mutants/M1/transpose/M1.s3.tp11.write__11_dynamic_32xSx768_32x768xS.co:17.18
/tmp/1789030913621290720_127363103356736/choreo.h:221: choreo assertion failed: The 2nd index ` (q - 1) ` of element access 'os' should be greater than or equal to 0, /home/garfee/croq-paper-plan/svn/svn-artifacts/benchmark2/choreo/mutants/M1/transpose/M1.s3.tp11.write__11_dynamic_32xSx768_32x768xS.co:17.18
/tmp/1789030913621290720_127363103356736/choreo.h:221: choreo assertion failed: The 2nd index ` (q - 1) ` of element access 'os' should be greater than or equal to 0, /home/garfee/croq-paper-plan/svn/svn-artifacts/benchmark2/choreo/mutants/M1/transpose/M1.s3.tp11.write__11_dynamic_32xSx768_32x768xS.co:17.18
/tmp/1789030913621290720_127363103356736/choreo.h:221: choreo assertion failed: The 2nd index ` (q - 1) ` of element access 'os' should be greater than or equal to 0, /home/garfee/croq-paper-plan/svn/svn-artifacts/benchmark2/choreo/mutants/M1/transpose/M1.s3.tp11.write__11_dynamic_32xSx768_32x768xS.co:17.18
/tmp/1789030913621290720_127363103356736/choreo.h:221: choreo assertion failed: The 2nd index ` (q - 1) ` of element access 'os' should be greater than or equal to 0, /home/garfee/croq-paper-plan/svn/svn-artifacts/benchmark2/choreo/mutants/M1/transpose/M1.s3.tp11.write__11_dynamic_32xSx768_32x768xS.co:17.18
/tmp/1789030913621290720_127363103356736/choreo.h:221: choreo assertion failed: The 2nd index ` (q - 1) ` of element access 'os' should be greater than or equal to 0, /home/garfee/croq-paper-plan/svn/svn-artifacts/benchmark2/choreo/mutants/M1/transpose/M1.s3.tp11.write__11_dynamic_32xSx768_32x768xS.co:17.18
/tmp/1789030913621290720_127363103356736/choreo.h:221: choreo assertion failed: The 2nd index ` (q - 1) ` of element access 'os' should be greater than or equal to 0, /home/garfee/croq-paper-plan/svn/svn-artifacts/benchmark2/choreo/mutants/M1/transpose/M1.s3.tp11.write__11_dynamic_32xSx768_32x768xS.co:17.18
/tmp/1789030913621290720_127363103356736/choreo.h:221: choreo assertion failed: The 2nd index ` (q - 1) ` of element access 'os' should be greater than or equal to 0, /home/garfee/croq-paper-plan/svn/svn-artifacts/benchmark2/choreo/mutants/M1/transpose/M1.s3.tp11.write__11_dynamic_32xSx768_32x768xS.co:17.18
/tmp/1789030913621290720_127363103356736/choreo.h:221: choreo assertion failed: The 2nd index ` (q - 1) ` of element access 'os' should be greater than or equal to 0, /home/garfee/croq-paper-plan/svn/svn-artifacts/benchmark2/choreo/mutants/M1/transpose/M1.s3.tp11.write__11_dynamic_32xSx768_32x768xS.co:17.18
/tmp/1789030913621290720_127363103356736/choreo.h:221: choreo assertion failed: The 2nd index ` (q - 1) ` of element access 'os' should be greater than or equal to 0, /home/garfee/croq-paper-plan/svn/svn-artifacts/benchmark2/choreo/mutants/M1/transpose/M1.s3.tp11.write__11_dynamic_32xSx768_32x768xS.co:17.18
/tmp/1789030913621290720_127363103356736/choreo.h:221: choreo assertion failed: The 2nd index ` (q - 1) ` of element access 'os' should be greater than or equal to 0, /home/garfee/croq-paper-plan/svn/svn-artifacts/benchmark2/choreo/mutants/M1/transpose/M1.s3.tp11.write__11_dynamic_32xSx768_32x768xS.co:17.18
/tmp/1789030913621290720_127363103356736/choreo.h:221: choreo assertion failed: error
/tmp/1789030913621290720_127363103356736/choreo_cute.h(679): warning #177-D: variable "tma_atom" was declared but never referenced
        auto* tma_atom = ((TMAAtom*)atom);
              ^

Remark: The warnings can be suppressed with "-diag-suppress <warning-number>"

/tmp/1789030913621290720_127363103356736/choreo.h(230): warning #20011-D: calling a __host__ function("__builtin_trap") from a __host__ __device__ function("choreo::choreo_assert") is not allowed

[0,0,0]:
	expect: 0.530927
	actual: 0
/home/garfee/croq-paper-plan/svn/svn-artifacts/benchmark2/choreo/raw/e1_logs_lower_bound_fix/M1.s3.tp11.write/det.sh: line 8197: 3185281 Aborted                 (core dumped) /tmp/1789030913621290720_127363103356736/__choreo_cute_M1.s3.tp11.write__11_dynamic_32xSx768_32x768xS.exe
