In file included from /tmp/1789028608044793093_130956619175744/__choreo_cute_M1.s1.sm11.mask__11_dynamic_32xSx768_32xSx768.cu:23:
/home/garfee/croq-paper-plan/svn/svn-artifacts/benchmark2/choreo/mutants/M1/softmax/common.hpp:83:80: warning: backslash-newline at end of file
   83 | #define TEST2(func, N, C, H, W)                                                \
      |                                                                                 
In file included from /tmp/1789028608044793093_130956619175744/__choreo_cute_M1.s1.sm11.mask__11_dynamic_32xSx768_32xSx768.cu:23:
/home/garfee/croq-paper-plan/svn/svn-artifacts/benchmark2/choreo/mutants/M1/softmax/common.hpp:83:80: warning: backslash-newline at end of file
   83 | #define TEST2(func, N, C, H, W)                                                \
      |                                                                                 
/tmp/1789028608044793093_130956619175744/choreo_cute.h(679): warning #177-D: variable "tma_atom" was declared but never referenced
        auto* tma_atom = ((TMAAtom*)atom);
              ^

Remark: The warnings can be suppressed with "-diag-suppress <warning-number>"

/home/garfee/croq-paper-plan/svn/svn-artifacts/benchmark2/choreo/mutants/M1/softmax/common.hpp(25): warning #177-D: variable "total_elements" was declared but never referenced
    const int total_elements = N * C * H * W;
              ^

/tmp/1789028608044793093_130956619175744/__choreo_cute_M1.s1.sm11.mask__11_dynamic_32xSx768_32xSx768.cu(128): warning #177-D: variable "__co__local_spm_size" was declared but never referenced
    unsigned __co__local_spm_size = __co__local_result.heap_size;
             ^

/tmp/1789028608044793093_130956619175744/choreo.h(230): warning #20011-D: calling a __host__ function("__builtin_trap") from a __host__ __device__ function("choreo::choreo_assert") is not allowed

CUDA failure: 1 (invalid argument)
/home/garfee/croq-paper-plan/svn/svn-artifacts/benchmark2/choreo/raw/e1_logs_rtc_all/M1.s1.sm11.mask/off.sh: line 8229: 3060087 Aborted                 (core dumped) /tmp/1789028608044793093_130956619175744/__choreo_cute_M1.s1.sm11.mask__11_dynamic_32xSx768_32xSx768.exe
